---
source: monad-peer-discovery/src/lib.rs
assertion_line: 582
expression: hex_encoded
---
d7840a000001cfc480822328c401822329c40282232a0164
