---
source: monad-peer-discovery/src/lib.rs
assertion_line: 565
expression: hex_encoded
---
d284c0a80101cac480821f90c401821f91802a
